[0.180s] DEBUG:colcon:Command line arguments: ['/usr/bin/colcon', 'list', '-p', '--base-paths', '/home/neslisah/Documents/2023-2024Spring/ME462/MiniROS/dew_ws']
[0.180s] DEBUG:colcon:Parsed command line arguments: Namespace(log_base=None, log_level=None, verb_name='list', build_base='build', ignore_user_meta=False, metas=['./colcon.meta'], base_paths=['/home/neslisah/Documents/2023-2024Spring/ME462/MiniROS/dew_ws'], packages_ignore=None, packages_ignore_regex=None, paths=None, packages_up_to=None, packages_up_to_regex=None, packages_above=None, packages_above_and_dependencies=None, packages_above_depth=None, packages_select_by_dep=None, packages_skip_by_dep=None, packages_skip_up_to=None, packages_select_build_failed=False, packages_skip_build_finished=False, packages_select_test_failures=False, packages_skip_test_passed=False, packages_select=None, packages_skip=None, packages_select_regex=None, packages_skip_regex=None, packages_start=None, packages_end=None, allow_overriding=[], topological_order=False, names_only=False, paths_only=True, topological_graph=False, topological_graph_dot=False, topological_graph_density=False, topological_graph_legend=False, topological_graph_dot_cluster=False, topological_graph_dot_include_skipped=False, verb_parser=<colcon_defaults.argument_parser.defaults.DefaultArgumentsDecorator object at 0x78ef7274ec80>, verb_extension=<colcon_package_information.verb.list.ListVerb object at 0x78ef728caaa0>, main=<bound method ListVerb.main of <colcon_package_information.verb.list.ListVerb object at 0x78ef728caaa0>>)
[0.698s] Level 1:colcon.colcon_core.package_discovery:discover_packages(colcon_meta) check parameters
[0.699s] Level 1:colcon.colcon_core.package_discovery:discover_packages(recursive) check parameters
[0.699s] Level 1:colcon.colcon_core.package_discovery:discover_packages(ignore) check parameters
[0.699s] Level 1:colcon.colcon_core.package_discovery:discover_packages(path) check parameters
[0.699s] Level 1:colcon.colcon_core.package_discovery:discover_packages(recursive) discover
[0.699s] INFO:colcon.colcon_core.package_discovery:Crawling recursively for packages in '/home/neslisah/Documents/2023-2024Spring/ME462/MiniROS/dew_ws'
[0.700s] Level 1:colcon.colcon_core.package_identification:_identify(/home/neslisah/Documents/2023-2024Spring/ME462/MiniROS/dew_ws) by extensions ['ignore', 'ignore_ament_install']
[0.700s] Level 1:colcon.colcon_core.package_identification:_identify(/home/neslisah/Documents/2023-2024Spring/ME462/MiniROS/dew_ws) by extension 'ignore'
[0.700s] Level 1:colcon.colcon_core.package_identification:_identify(/home/neslisah/Documents/2023-2024Spring/ME462/MiniROS/dew_ws) by extension 'ignore_ament_install'
[0.700s] Level 1:colcon.colcon_core.package_identification:_identify(/home/neslisah/Documents/2023-2024Spring/ME462/MiniROS/dew_ws) by extensions ['colcon_pkg']
[0.700s] Level 1:colcon.colcon_core.package_identification:_identify(/home/neslisah/Documents/2023-2024Spring/ME462/MiniROS/dew_ws) by extension 'colcon_pkg'
[0.700s] Level 1:colcon.colcon_core.package_identification:_identify(/home/neslisah/Documents/2023-2024Spring/ME462/MiniROS/dew_ws) by extensions ['colcon_meta']
[0.701s] Level 1:colcon.colcon_core.package_identification:_identify(/home/neslisah/Documents/2023-2024Spring/ME462/MiniROS/dew_ws) by extension 'colcon_meta'
[0.701s] Level 1:colcon.colcon_core.package_identification:_identify(/home/neslisah/Documents/2023-2024Spring/ME462/MiniROS/dew_ws) by extensions ['ros']
[0.701s] Level 1:colcon.colcon_core.package_identification:_identify(/home/neslisah/Documents/2023-2024Spring/ME462/MiniROS/dew_ws) by extension 'ros'
[0.727s] Level 1:colcon.colcon_core.package_identification:_identify(/home/neslisah/Documents/2023-2024Spring/ME462/MiniROS/dew_ws) by extensions ['cmake', 'python']
[0.727s] Level 1:colcon.colcon_core.package_identification:_identify(/home/neslisah/Documents/2023-2024Spring/ME462/MiniROS/dew_ws) by extension 'cmake'
[0.727s] Level 1:colcon.colcon_core.package_identification:_identify(/home/neslisah/Documents/2023-2024Spring/ME462/MiniROS/dew_ws) by extension 'python'
[0.727s] Level 1:colcon.colcon_core.package_identification:_identify(/home/neslisah/Documents/2023-2024Spring/ME462/MiniROS/dew_ws) by extensions ['python_setup_py']
[0.727s] Level 1:colcon.colcon_core.package_identification:_identify(/home/neslisah/Documents/2023-2024Spring/ME462/MiniROS/dew_ws) by extension 'python_setup_py'
[0.728s] Level 1:colcon.colcon_core.package_identification:_identify(/home/neslisah/Documents/2023-2024Spring/ME462/MiniROS/dew_ws/build) by extensions ['ignore', 'ignore_ament_install']
[0.728s] Level 1:colcon.colcon_core.package_identification:_identify(/home/neslisah/Documents/2023-2024Spring/ME462/MiniROS/dew_ws/build) by extension 'ignore'
[0.728s] Level 1:colcon.colcon_core.package_identification:_identify(/home/neslisah/Documents/2023-2024Spring/ME462/MiniROS/dew_ws/build) ignored
[0.729s] Level 1:colcon.colcon_core.package_identification:_identify(/home/neslisah/Documents/2023-2024Spring/ME462/MiniROS/dew_ws/install) by extensions ['ignore', 'ignore_ament_install']
[0.729s] Level 1:colcon.colcon_core.package_identification:_identify(/home/neslisah/Documents/2023-2024Spring/ME462/MiniROS/dew_ws/install) by extension 'ignore'
[0.729s] Level 1:colcon.colcon_core.package_identification:_identify(/home/neslisah/Documents/2023-2024Spring/ME462/MiniROS/dew_ws/install) ignored
[0.729s] Level 1:colcon.colcon_core.package_identification:_identify(/home/neslisah/Documents/2023-2024Spring/ME462/MiniROS/dew_ws/log) by extensions ['ignore', 'ignore_ament_install']
[0.729s] Level 1:colcon.colcon_core.package_identification:_identify(/home/neslisah/Documents/2023-2024Spring/ME462/MiniROS/dew_ws/log) by extension 'ignore'
[0.729s] Level 1:colcon.colcon_core.package_identification:_identify(/home/neslisah/Documents/2023-2024Spring/ME462/MiniROS/dew_ws/log) ignored
[0.730s] Level 1:colcon.colcon_core.package_identification:_identify(/home/neslisah/Documents/2023-2024Spring/ME462/MiniROS/dew_ws/src) by extensions ['ignore', 'ignore_ament_install']
[0.730s] Level 1:colcon.colcon_core.package_identification:_identify(/home/neslisah/Documents/2023-2024Spring/ME462/MiniROS/dew_ws/src) by extension 'ignore'
[0.730s] Level 1:colcon.colcon_core.package_identification:_identify(/home/neslisah/Documents/2023-2024Spring/ME462/MiniROS/dew_ws/src) by extension 'ignore_ament_install'
[0.730s] Level 1:colcon.colcon_core.package_identification:_identify(/home/neslisah/Documents/2023-2024Spring/ME462/MiniROS/dew_ws/src) by extensions ['colcon_pkg']
[0.730s] Level 1:colcon.colcon_core.package_identification:_identify(/home/neslisah/Documents/2023-2024Spring/ME462/MiniROS/dew_ws/src) by extension 'colcon_pkg'
[0.730s] Level 1:colcon.colcon_core.package_identification:_identify(/home/neslisah/Documents/2023-2024Spring/ME462/MiniROS/dew_ws/src) by extensions ['colcon_meta']
[0.730s] Level 1:colcon.colcon_core.package_identification:_identify(/home/neslisah/Documents/2023-2024Spring/ME462/MiniROS/dew_ws/src) by extension 'colcon_meta'
[0.731s] Level 1:colcon.colcon_core.package_identification:_identify(/home/neslisah/Documents/2023-2024Spring/ME462/MiniROS/dew_ws/src) by extensions ['ros']
[0.731s] Level 1:colcon.colcon_core.package_identification:_identify(/home/neslisah/Documents/2023-2024Spring/ME462/MiniROS/dew_ws/src) by extension 'ros'
[0.731s] Level 1:colcon.colcon_core.package_identification:_identify(/home/neslisah/Documents/2023-2024Spring/ME462/MiniROS/dew_ws/src) by extensions ['cmake', 'python']
[0.731s] Level 1:colcon.colcon_core.package_identification:_identify(/home/neslisah/Documents/2023-2024Spring/ME462/MiniROS/dew_ws/src) by extension 'cmake'
[0.731s] Level 1:colcon.colcon_core.package_identification:_identify(/home/neslisah/Documents/2023-2024Spring/ME462/MiniROS/dew_ws/src) by extension 'python'
[0.731s] Level 1:colcon.colcon_core.package_identification:_identify(/home/neslisah/Documents/2023-2024Spring/ME462/MiniROS/dew_ws/src) by extensions ['python_setup_py']
[0.731s] Level 1:colcon.colcon_core.package_identification:_identify(/home/neslisah/Documents/2023-2024Spring/ME462/MiniROS/dew_ws/src) by extension 'python_setup_py'
[0.732s] Level 1:colcon.colcon_core.package_identification:_identify(/home/neslisah/Documents/2023-2024Spring/ME462/MiniROS/dew_ws/src/aruco_tracker) by extensions ['ignore', 'ignore_ament_install']
[0.732s] Level 1:colcon.colcon_core.package_identification:_identify(/home/neslisah/Documents/2023-2024Spring/ME462/MiniROS/dew_ws/src/aruco_tracker) by extension 'ignore'
[0.732s] Level 1:colcon.colcon_core.package_identification:_identify(/home/neslisah/Documents/2023-2024Spring/ME462/MiniROS/dew_ws/src/aruco_tracker) by extension 'ignore_ament_install'
[0.732s] Level 1:colcon.colcon_core.package_identification:_identify(/home/neslisah/Documents/2023-2024Spring/ME462/MiniROS/dew_ws/src/aruco_tracker) by extensions ['colcon_pkg']
[0.733s] Level 1:colcon.colcon_core.package_identification:_identify(/home/neslisah/Documents/2023-2024Spring/ME462/MiniROS/dew_ws/src/aruco_tracker) by extension 'colcon_pkg'
[0.733s] Level 1:colcon.colcon_core.package_identification:_identify(/home/neslisah/Documents/2023-2024Spring/ME462/MiniROS/dew_ws/src/aruco_tracker) by extensions ['colcon_meta']
[0.733s] Level 1:colcon.colcon_core.package_identification:_identify(/home/neslisah/Documents/2023-2024Spring/ME462/MiniROS/dew_ws/src/aruco_tracker) by extension 'colcon_meta'
[0.733s] Level 1:colcon.colcon_core.package_identification:_identify(/home/neslisah/Documents/2023-2024Spring/ME462/MiniROS/dew_ws/src/aruco_tracker) by extensions ['ros']
[0.733s] Level 1:colcon.colcon_core.package_identification:_identify(/home/neslisah/Documents/2023-2024Spring/ME462/MiniROS/dew_ws/src/aruco_tracker) by extension 'ros'
[0.738s] DEBUG:colcon.colcon_core.package_identification:Package '/home/neslisah/Documents/2023-2024Spring/ME462/MiniROS/dew_ws/src/aruco_tracker' with type 'ros.ament_python' and name 'aruco_tracker'
[0.738s] Level 1:colcon.colcon_core.package_identification:_identify(/home/neslisah/Documents/2023-2024Spring/ME462/MiniROS/dew_ws/src/ball_tracker) by extensions ['ignore', 'ignore_ament_install']
[0.739s] Level 1:colcon.colcon_core.package_identification:_identify(/home/neslisah/Documents/2023-2024Spring/ME462/MiniROS/dew_ws/src/ball_tracker) by extension 'ignore'
[0.739s] Level 1:colcon.colcon_core.package_identification:_identify(/home/neslisah/Documents/2023-2024Spring/ME462/MiniROS/dew_ws/src/ball_tracker) by extension 'ignore_ament_install'
[0.739s] Level 1:colcon.colcon_core.package_identification:_identify(/home/neslisah/Documents/2023-2024Spring/ME462/MiniROS/dew_ws/src/ball_tracker) by extensions ['colcon_pkg']
[0.739s] Level 1:colcon.colcon_core.package_identification:_identify(/home/neslisah/Documents/2023-2024Spring/ME462/MiniROS/dew_ws/src/ball_tracker) by extension 'colcon_pkg'
[0.739s] Level 1:colcon.colcon_core.package_identification:_identify(/home/neslisah/Documents/2023-2024Spring/ME462/MiniROS/dew_ws/src/ball_tracker) by extensions ['colcon_meta']
[0.739s] Level 1:colcon.colcon_core.package_identification:_identify(/home/neslisah/Documents/2023-2024Spring/ME462/MiniROS/dew_ws/src/ball_tracker) by extension 'colcon_meta'
[0.739s] Level 1:colcon.colcon_core.package_identification:_identify(/home/neslisah/Documents/2023-2024Spring/ME462/MiniROS/dew_ws/src/ball_tracker) by extensions ['ros']
[0.739s] Level 1:colcon.colcon_core.package_identification:_identify(/home/neslisah/Documents/2023-2024Spring/ME462/MiniROS/dew_ws/src/ball_tracker) by extension 'ros'
[0.743s] DEBUG:colcon.colcon_core.package_identification:Package '/home/neslisah/Documents/2023-2024Spring/ME462/MiniROS/dew_ws/src/ball_tracker' with type 'ros.ament_python' and name 'ball_tracker'
[0.743s] Level 1:colcon.colcon_core.package_identification:_identify(/home/neslisah/Documents/2023-2024Spring/ME462/MiniROS/dew_ws/src/mini_control) by extensions ['ignore', 'ignore_ament_install']
[0.744s] Level 1:colcon.colcon_core.package_identification:_identify(/home/neslisah/Documents/2023-2024Spring/ME462/MiniROS/dew_ws/src/mini_control) by extension 'ignore'
[0.744s] Level 1:colcon.colcon_core.package_identification:_identify(/home/neslisah/Documents/2023-2024Spring/ME462/MiniROS/dew_ws/src/mini_control) by extension 'ignore_ament_install'
[0.744s] Level 1:colcon.colcon_core.package_identification:_identify(/home/neslisah/Documents/2023-2024Spring/ME462/MiniROS/dew_ws/src/mini_control) by extensions ['colcon_pkg']
[0.744s] Level 1:colcon.colcon_core.package_identification:_identify(/home/neslisah/Documents/2023-2024Spring/ME462/MiniROS/dew_ws/src/mini_control) by extension 'colcon_pkg'
[0.744s] Level 1:colcon.colcon_core.package_identification:_identify(/home/neslisah/Documents/2023-2024Spring/ME462/MiniROS/dew_ws/src/mini_control) by extensions ['colcon_meta']
[0.744s] Level 1:colcon.colcon_core.package_identification:_identify(/home/neslisah/Documents/2023-2024Spring/ME462/MiniROS/dew_ws/src/mini_control) by extension 'colcon_meta'
[0.745s] Level 1:colcon.colcon_core.package_identification:_identify(/home/neslisah/Documents/2023-2024Spring/ME462/MiniROS/dew_ws/src/mini_control) by extensions ['ros']
[0.745s] Level 1:colcon.colcon_core.package_identification:_identify(/home/neslisah/Documents/2023-2024Spring/ME462/MiniROS/dew_ws/src/mini_control) by extension 'ros'
[0.747s] DEBUG:colcon.colcon_core.package_identification:Package '/home/neslisah/Documents/2023-2024Spring/ME462/MiniROS/dew_ws/src/mini_control' with type 'ros.ament_python' and name 'mini_control'
[0.747s] Level 1:colcon.colcon_core.package_identification:_identify(/home/neslisah/Documents/2023-2024Spring/ME462/MiniROS/dew_ws/src/mini_robot) by extensions ['ignore', 'ignore_ament_install']
[0.747s] Level 1:colcon.colcon_core.package_identification:_identify(/home/neslisah/Documents/2023-2024Spring/ME462/MiniROS/dew_ws/src/mini_robot) by extension 'ignore'
[0.747s] Level 1:colcon.colcon_core.package_identification:_identify(/home/neslisah/Documents/2023-2024Spring/ME462/MiniROS/dew_ws/src/mini_robot) by extension 'ignore_ament_install'
[0.748s] Level 1:colcon.colcon_core.package_identification:_identify(/home/neslisah/Documents/2023-2024Spring/ME462/MiniROS/dew_ws/src/mini_robot) by extensions ['colcon_pkg']
[0.748s] Level 1:colcon.colcon_core.package_identification:_identify(/home/neslisah/Documents/2023-2024Spring/ME462/MiniROS/dew_ws/src/mini_robot) by extension 'colcon_pkg'
[0.748s] Level 1:colcon.colcon_core.package_identification:_identify(/home/neslisah/Documents/2023-2024Spring/ME462/MiniROS/dew_ws/src/mini_robot) by extensions ['colcon_meta']
[0.748s] Level 1:colcon.colcon_core.package_identification:_identify(/home/neslisah/Documents/2023-2024Spring/ME462/MiniROS/dew_ws/src/mini_robot) by extension 'colcon_meta'
[0.748s] Level 1:colcon.colcon_core.package_identification:_identify(/home/neslisah/Documents/2023-2024Spring/ME462/MiniROS/dew_ws/src/mini_robot) by extensions ['ros']
[0.748s] Level 1:colcon.colcon_core.package_identification:_identify(/home/neslisah/Documents/2023-2024Spring/ME462/MiniROS/dew_ws/src/mini_robot) by extension 'ros'
[0.750s] DEBUG:colcon.colcon_core.package_identification:Package '/home/neslisah/Documents/2023-2024Spring/ME462/MiniROS/dew_ws/src/mini_robot' with type 'ros.ament_cmake' and name 'mini_robot'
[0.750s] Level 1:colcon.colcon_core.package_discovery:discover_packages(recursive) using defaults
